// Jest Snapshot v1, https://goo.gl/fbAQLP

exports[`<Output /> spec 1`] = `
<div>
   
  <div
    class="output"
  >
    <pre>
       
      No file
       
    </pre>
  </div>
   
</div>
`;
